{"level":"info","message":{"event":"PROCESS_STARTED","settlementName":"צפת"},"timestamp":"2026-07-20T18:33:15.967Z"}
{"level":"info","message":{"eligibleCount":1,"event":"ELIGIBLE_BUILDINGS_FOUND","settlementName":"צפת"},"timestamp":"2026-07-20T18:33:15.970Z"}
{"level":"info","message":{"buildingId":"d8492c48-dc6d-429c-a8f0-83724103bf71","event":"BUILDING_STARTED","settlementName":"צפת"},"timestamp":"2026-07-20T18:33:15.970Z"}
{"level":"info","message":{"buildingId":"d8492c48-dc6d-429c-a8f0-83724103bf71","event":"PDF_STARTED","settlementName":"צפת"},"timestamp":"2026-07-20T18:33:15.971Z"}
{"level":"info","message":{"buildingId":"d8492c48-dc6d-429c-a8f0-83724103bf71","event":"PDF_COMPLETED","settlementName":"צפת"},"timestamp":"2026-07-20T18:33:17.345Z"}
{"level":"info","message":{"buildingId":"d8492c48-dc6d-429c-a8f0-83724103bf71","event":"NOTIFICATION_ATTEMPT_STARTED","notificationAttempt":1,"settlementName":"צפת"},"timestamp":"2026-07-20T18:33:17.537Z"}
{"level":"info","message":{"buildingId":"d8492c48-dc6d-429c-a8f0-83724103bf71","event":"NOTIFICATION_SUCCEEDED","notificationAttempt":1,"settlementName":"צפת"},"timestamp":"2026-07-20T18:33:17.546Z"}
{"level":"info","message":{"buildingId":"d8492c48-dc6d-429c-a8f0-83724103bf71","event":"BUILDING_COMPLETED","settlementName":"צפת"},"timestamp":"2026-07-20T18:33:17.574Z"}
{"level":"info","message":{"event":"PROCESS_COMPLETED","generatedCount":1,"settlementName":"צפת"},"timestamp":"2026-07-20T18:33:17.575Z"}
{"level":"info","message":{"event":"PROCESS_STARTED","settlementName":"ירושלים"},"timestamp":"2026-07-20T18:33:35.587Z"}
{"level":"info","message":{"eligibleCount":1,"event":"ELIGIBLE_BUILDINGS_FOUND","settlementName":"ירושלים"},"timestamp":"2026-07-20T18:33:35.589Z"}
{"level":"info","message":{"buildingId":"3a57daa8-33dd-403c-9604-5ed508a7d57a","event":"BUILDING_STARTED","settlementName":"ירושלים"},"timestamp":"2026-07-20T18:33:35.589Z"}
{"level":"info","message":{"buildingId":"3a57daa8-33dd-403c-9604-5ed508a7d57a","event":"PDF_STARTED","settlementName":"ירושלים"},"timestamp":"2026-07-20T18:33:35.589Z"}
{"level":"info","message":{"buildingId":"3a57daa8-33dd-403c-9604-5ed508a7d57a","event":"PDF_COMPLETED","settlementName":"ירושלים"},"timestamp":"2026-07-20T18:33:36.909Z"}
{"level":"info","message":{"buildingId":"3a57daa8-33dd-403c-9604-5ed508a7d57a","event":"NOTIFICATION_ATTEMPT_STARTED","notificationAttempt":1,"settlementName":"ירושלים"},"timestamp":"2026-07-20T18:33:36.917Z"}
{"level":"info","message":{"buildingId":"3a57daa8-33dd-403c-9604-5ed508a7d57a","event":"NOTIFICATION_SUCCEEDED","notificationAttempt":1,"settlementName":"ירושלים"},"timestamp":"2026-07-20T18:33:36.919Z"}
{"level":"info","message":{"buildingId":"3a57daa8-33dd-403c-9604-5ed508a7d57a","event":"BUILDING_COMPLETED","settlementName":"ירושלים"},"timestamp":"2026-07-20T18:33:36.924Z"}
{"level":"info","message":{"event":"PROCESS_COMPLETED","generatedCount":1,"settlementName":"ירושלים"},"timestamp":"2026-07-20T18:33:36.924Z"}
{"level":"info","message":{"event":"PROCESS_STARTED","settlementName":"(all)"},"timestamp":"2026-07-20T18:33:44.323Z"}
{"level":"info","message":{"eligibleCount":10,"event":"ELIGIBLE_BUILDINGS_FOUND","settlementName":"(all)"},"timestamp":"2026-07-20T18:33:44.324Z"}
{"level":"info","message":{"buildingId":"c126a23a-33ed-4a23-8d6f-4fee7b0849bb","event":"BUILDING_STARTED","settlementName":"(all)"},"timestamp":"2026-07-20T18:33:44.324Z"}
{"level":"info","message":{"buildingId":"c126a23a-33ed-4a23-8d6f-4fee7b0849bb","event":"PDF_STARTED","settlementName":"(all)"},"timestamp":"2026-07-20T18:33:44.325Z"}
{"level":"info","message":{"buildingId":"c126a23a-33ed-4a23-8d6f-4fee7b0849bb","event":"PDF_COMPLETED","settlementName":"(all)"},"timestamp":"2026-07-20T18:33:45.605Z"}
{"level":"info","message":{"buildingId":"c126a23a-33ed-4a23-8d6f-4fee7b0849bb","event":"NOTIFICATION_ATTEMPT_STARTED","notificationAttempt":1,"settlementName":"ירושלים"},"timestamp":"2026-07-20T18:33:45.624Z"}
{"level":"info","message":{"buildingId":"c126a23a-33ed-4a23-8d6f-4fee7b0849bb","event":"NOTIFICATION_SUCCEEDED","notificationAttempt":1,"settlementName":"ירושלים"},"timestamp":"2026-07-20T18:33:45.629Z"}
{"level":"info","message":{"buildingId":"c126a23a-33ed-4a23-8d6f-4fee7b0849bb","event":"BUILDING_COMPLETED","settlementName":"(all)"},"timestamp":"2026-07-20T18:33:45.638Z"}
{"level":"info","message":{"buildingId":"d8492c48-dc6d-429c-a8f0-83724103bf71","event":"BUILDING_STARTED","settlementName":"(all)"},"timestamp":"2026-07-20T18:33:45.639Z"}
{"level":"info","message":{"buildingId":"d8492c48-dc6d-429c-a8f0-83724103bf71","event":"PDF_STARTED","settlementName":"(all)"},"timestamp":"2026-07-20T18:33:45.639Z"}
{"level":"info","message":{"buildingId":"d8492c48-dc6d-429c-a8f0-83724103bf71","event":"PDF_COMPLETED","settlementName":"(all)"},"timestamp":"2026-07-20T18:33:46.879Z"}
{"level":"info","message":{"buildingId":"d8492c48-dc6d-429c-a8f0-83724103bf71","event":"BUILDING_COMPLETED","settlementName":"(all)"},"timestamp":"2026-07-20T18:33:46.885Z"}
{"level":"info","message":{"buildingId":"b6d967a6-e71d-47d0-ba3e-2144ce22a4ad","event":"BUILDING_STARTED","settlementName":"(all)"},"timestamp":"2026-07-20T18:33:46.885Z"}
{"level":"info","message":{"buildingId":"b6d967a6-e71d-47d0-ba3e-2144ce22a4ad","event":"PDF_STARTED","settlementName":"(all)"},"timestamp":"2026-07-20T18:33:46.885Z"}
{"level":"info","message":{"buildingId":"b6d967a6-e71d-47d0-ba3e-2144ce22a4ad","event":"PDF_COMPLETED","settlementName":"(all)"},"timestamp":"2026-07-20T18:33:48.110Z"}
{"level":"info","message":{"buildingId":"b6d967a6-e71d-47d0-ba3e-2144ce22a4ad","event":"NOTIFICATION_ATTEMPT_STARTED","notificationAttempt":1,"settlementName":"טבריה"},"timestamp":"2026-07-20T18:33:48.117Z"}
{"level":"info","message":{"buildingId":"b6d967a6-e71d-47d0-ba3e-2144ce22a4ad","event":"NOTIFICATION_SUCCEEDED","notificationAttempt":1,"settlementName":"טבריה"},"timestamp":"2026-07-20T18:33:48.122Z"}
{"level":"info","message":{"buildingId":"b6d967a6-e71d-47d0-ba3e-2144ce22a4ad","event":"BUILDING_COMPLETED","settlementName":"(all)"},"timestamp":"2026-07-20T18:33:48.128Z"}
{"level":"info","message":{"buildingId":"3a57daa8-33dd-403c-9604-5ed508a7d57a","event":"BUILDING_STARTED","settlementName":"(all)"},"timestamp":"2026-07-20T18:33:48.128Z"}
{"level":"info","message":{"buildingId":"3a57daa8-33dd-403c-9604-5ed508a7d57a","event":"PDF_STARTED","settlementName":"(all)"},"timestamp":"2026-07-20T18:33:48.128Z"}
{"level":"info","message":{"buildingId":"3a57daa8-33dd-403c-9604-5ed508a7d57a","event":"PDF_COMPLETED","settlementName":"(all)"},"timestamp":"2026-07-20T18:33:49.361Z"}
{"level":"info","message":{"buildingId":"3a57daa8-33dd-403c-9604-5ed508a7d57a","event":"BUILDING_COMPLETED","settlementName":"(all)"},"timestamp":"2026-07-20T18:33:49.373Z"}
{"level":"info","message":{"buildingId":"d74907fa-6183-4352-ae22-10966fa3abd7","event":"BUILDING_STARTED","settlementName":"(all)"},"timestamp":"2026-07-20T18:33:49.373Z"}
{"level":"info","message":{"buildingId":"d74907fa-6183-4352-ae22-10966fa3abd7","event":"PDF_STARTED","settlementName":"(all)"},"timestamp":"2026-07-20T18:33:49.373Z"}
{"level":"info","message":{"buildingId":"d74907fa-6183-4352-ae22-10966fa3abd7","event":"PDF_COMPLETED","settlementName":"(all)"},"timestamp":"2026-07-20T18:33:50.573Z"}
{"level":"info","message":{"buildingId":"d74907fa-6183-4352-ae22-10966fa3abd7","event":"NOTIFICATION_ATTEMPT_STARTED","notificationAttempt":1,"settlementName":"צפת"},"timestamp":"2026-07-20T18:33:50.584Z"}
{"level":"info","message":{"buildingId":"d74907fa-6183-4352-ae22-10966fa3abd7","event":"NOTIFICATION_SUCCEEDED","notificationAttempt":1,"settlementName":"צפת"},"timestamp":"2026-07-20T18:33:50.586Z"}
{"level":"info","message":{"buildingId":"d74907fa-6183-4352-ae22-10966fa3abd7","event":"BUILDING_COMPLETED","settlementName":"(all)"},"timestamp":"2026-07-20T18:33:50.596Z"}
{"level":"info","message":{"buildingId":"504c3fe2-a098-4966-afe2-83d52294df3f","event":"BUILDING_STARTED","settlementName":"(all)"},"timestamp":"2026-07-20T18:33:50.597Z"}
{"level":"info","message":{"buildingId":"504c3fe2-a098-4966-afe2-83d52294df3f","event":"PDF_STARTED","settlementName":"(all)"},"timestamp":"2026-07-20T18:33:50.597Z"}
{"level":"info","message":{"buildingId":"504c3fe2-a098-4966-afe2-83d52294df3f","event":"PDF_COMPLETED","settlementName":"(all)"},"timestamp":"2026-07-20T18:33:51.807Z"}
{"level":"info","message":{"buildingId":"504c3fe2-a098-4966-afe2-83d52294df3f","event":"NOTIFICATION_ATTEMPT_STARTED","notificationAttempt":1,"settlementName":"טבריה"},"timestamp":"2026-07-20T18:33:51.819Z"}
{"level":"info","message":{"buildingId":"504c3fe2-a098-4966-afe2-83d52294df3f","event":"NOTIFICATION_SUCCEEDED","notificationAttempt":1,"settlementName":"טבריה"},"timestamp":"2026-07-20T18:33:51.822Z"}
{"level":"info","message":{"buildingId":"504c3fe2-a098-4966-afe2-83d52294df3f","event":"BUILDING_COMPLETED","settlementName":"(all)"},"timestamp":"2026-07-20T18:33:51.826Z"}
{"level":"info","message":{"buildingId":"c6154852-f78a-46b3-ad7b-e12e11b20b1e","event":"BUILDING_STARTED","settlementName":"(all)"},"timestamp":"2026-07-20T18:33:51.826Z"}
{"level":"info","message":{"buildingId":"c6154852-f78a-46b3-ad7b-e12e11b20b1e","event":"PDF_STARTED","settlementName":"(all)"},"timestamp":"2026-07-20T18:33:51.826Z"}
{"level":"info","message":{"buildingId":"c6154852-f78a-46b3-ad7b-e12e11b20b1e","event":"PDF_COMPLETED","settlementName":"(all)"},"timestamp":"2026-07-20T18:33:53.038Z"}
{"level":"info","message":{"buildingId":"c6154852-f78a-46b3-ad7b-e12e11b20b1e","event":"NOTIFICATION_ATTEMPT_STARTED","notificationAttempt":1,"settlementName":"ירושלים"},"timestamp":"2026-07-20T18:33:53.050Z"}
{"level":"info","message":{"buildingId":"c6154852-f78a-46b3-ad7b-e12e11b20b1e","event":"NOTIFICATION_SUCCEEDED","notificationAttempt":1,"settlementName":"ירושלים"},"timestamp":"2026-07-20T18:33:53.054Z"}
{"level":"info","message":{"buildingId":"c6154852-f78a-46b3-ad7b-e12e11b20b1e","event":"BUILDING_COMPLETED","settlementName":"(all)"},"timestamp":"2026-07-20T18:33:53.066Z"}
{"level":"info","message":{"buildingId":"0e8704ae-fb78-474a-becc-cc033b02ccbd","event":"BUILDING_STARTED","settlementName":"(all)"},"timestamp":"2026-07-20T18:33:53.067Z"}
{"level":"info","message":{"buildingId":"0e8704ae-fb78-474a-becc-cc033b02ccbd","event":"PDF_STARTED","settlementName":"(all)"},"timestamp":"2026-07-20T18:33:53.067Z"}
{"level":"info","message":{"buildingId":"0e8704ae-fb78-474a-becc-cc033b02ccbd","event":"PDF_COMPLETED","settlementName":"(all)"},"timestamp":"2026-07-20T18:33:54.301Z"}
{"level":"info","message":{"buildingId":"0e8704ae-fb78-474a-becc-cc033b02ccbd","event":"NOTIFICATION_ATTEMPT_STARTED","notificationAttempt":1,"settlementName":"צפת"},"timestamp":"2026-07-20T18:33:54.314Z"}
{"level":"info","message":{"buildingId":"0e8704ae-fb78-474a-becc-cc033b02ccbd","event":"NOTIFICATION_SUCCEEDED","notificationAttempt":1,"settlementName":"צפת"},"timestamp":"2026-07-20T18:33:54.317Z"}
{"level":"info","message":{"buildingId":"0e8704ae-fb78-474a-becc-cc033b02ccbd","event":"BUILDING_COMPLETED","settlementName":"(all)"},"timestamp":"2026-07-20T18:33:54.323Z"}
{"level":"info","message":{"buildingId":"4f189619-7971-4f3b-a93e-9f4a5272496d","event":"BUILDING_STARTED","settlementName":"(all)"},"timestamp":"2026-07-20T18:33:54.323Z"}
{"level":"info","message":{"buildingId":"4f189619-7971-4f3b-a93e-9f4a5272496d","event":"PDF_STARTED","settlementName":"(all)"},"timestamp":"2026-07-20T18:33:54.323Z"}
{"level":"info","message":{"buildingId":"4f189619-7971-4f3b-a93e-9f4a5272496d","event":"PDF_COMPLETED","settlementName":"(all)"},"timestamp":"2026-07-20T18:33:55.501Z"}
{"level":"info","message":{"buildingId":"4f189619-7971-4f3b-a93e-9f4a5272496d","event":"NOTIFICATION_ATTEMPT_STARTED","notificationAttempt":1,"settlementName":"טבריה"},"timestamp":"2026-07-20T18:33:55.516Z"}
{"level":"info","message":{"buildingId":"4f189619-7971-4f3b-a93e-9f4a5272496d","event":"NOTIFICATION_SUCCEEDED","notificationAttempt":1,"settlementName":"טבריה"},"timestamp":"2026-07-20T18:33:55.520Z"}
{"level":"info","message":{"buildingId":"4f189619-7971-4f3b-a93e-9f4a5272496d","event":"BUILDING_COMPLETED","settlementName":"(all)"},"timestamp":"2026-07-20T18:33:55.527Z"}
{"level":"info","message":{"buildingId":"c4093aa5-5f8e-4c94-94ec-5ee1424a4a60","event":"BUILDING_STARTED","settlementName":"(all)"},"timestamp":"2026-07-20T18:33:55.527Z"}
{"level":"info","message":{"buildingId":"c4093aa5-5f8e-4c94-94ec-5ee1424a4a60","event":"PDF_STARTED","settlementName":"(all)"},"timestamp":"2026-07-20T18:33:55.527Z"}
{"level":"info","message":{"buildingId":"c4093aa5-5f8e-4c94-94ec-5ee1424a4a60","event":"PDF_COMPLETED","settlementName":"(all)"},"timestamp":"2026-07-20T18:33:56.746Z"}
{"level":"info","message":{"buildingId":"c4093aa5-5f8e-4c94-94ec-5ee1424a4a60","event":"NOTIFICATION_ATTEMPT_STARTED","notificationAttempt":1,"settlementName":"ירושלים"},"timestamp":"2026-07-20T18:33:56.765Z"}
{"level":"info","message":{"buildingId":"c4093aa5-5f8e-4c94-94ec-5ee1424a4a60","event":"NOTIFICATION_SUCCEEDED","notificationAttempt":1,"settlementName":"ירושלים"},"timestamp":"2026-07-20T18:33:56.776Z"}
{"level":"info","message":{"buildingId":"c4093aa5-5f8e-4c94-94ec-5ee1424a4a60","event":"BUILDING_COMPLETED","settlementName":"(all)"},"timestamp":"2026-07-20T18:33:56.788Z"}
{"level":"info","message":{"event":"PROCESS_COMPLETED","generatedCount":10,"settlementName":"(all)"},"timestamp":"2026-07-20T18:33:56.789Z"}
{"level":"info","message":{"correlationId":"f299d0f1-e4bc-4f94-a773-00270a502beb","event":"PROCESS_STARTED","settlementName":"ירושלים"},"timestamp":"2026-07-20T19:04:30.501Z"}
{"level":"info","message":{"correlationId":"f299d0f1-e4bc-4f94-a773-00270a502beb","eligibleCount":1,"event":"ELIGIBLE_BUILDINGS_FOUND","settlementName":"ירושלים"},"timestamp":"2026-07-20T19:04:30.508Z"}
{"level":"info","message":{"buildingId":"99ad768e-4dce-4992-885d-9c1b4ba3bd09","correlationId":"f299d0f1-e4bc-4f94-a773-00270a502beb","event":"BUILDING_STARTED","settlementName":"ירושלים"},"timestamp":"2026-07-20T19:04:30.510Z"}
{"level":"info","message":{"buildingId":"99ad768e-4dce-4992-885d-9c1b4ba3bd09","correlationId":"f299d0f1-e4bc-4f94-a773-00270a502beb","event":"PDF_STARTED","settlementName":"ירושלים"},"timestamp":"2026-07-20T19:04:30.511Z"}
{"level":"info","message":{"buildingId":"99ad768e-4dce-4992-885d-9c1b4ba3bd09","correlationId":"f299d0f1-e4bc-4f94-a773-00270a502beb","event":"PDF_COMPLETED","settlementName":"ירושלים"},"timestamp":"2026-07-20T19:04:31.870Z"}
{"level":"info","message":{"correlationId":"9b631a7e-3c76-4ae4-8c86-c39303f01039","event":"PROCESS_STARTED","settlementName":"צפת"},"timestamp":"2026-07-20T19:04:32.023Z"}
{"level":"info","message":{"correlationId":"9b631a7e-3c76-4ae4-8c86-c39303f01039","eligibleCount":1,"event":"ELIGIBLE_BUILDINGS_FOUND","settlementName":"צפת"},"timestamp":"2026-07-20T19:04:32.024Z"}
{"level":"info","message":{"buildingId":"8e520d5b-d8b5-401c-bf35-b965e05b3256","correlationId":"9b631a7e-3c76-4ae4-8c86-c39303f01039","event":"BUILDING_STARTED","settlementName":"צפת"},"timestamp":"2026-07-20T19:04:32.024Z"}
{"level":"info","message":{"buildingId":"8e520d5b-d8b5-401c-bf35-b965e05b3256","correlationId":"9b631a7e-3c76-4ae4-8c86-c39303f01039","event":"PDF_STARTED","settlementName":"צפת"},"timestamp":"2026-07-20T19:04:32.024Z"}
{"level":"info","message":{"buildingId":"99ad768e-4dce-4992-885d-9c1b4ba3bd09","correlationId":"f299d0f1-e4bc-4f94-a773-00270a502beb","event":"NOTIFICATION_ATTEMPT_STARTED","notificationAttempt":1,"settlementName":"ירושלים"},"timestamp":"2026-07-20T19:04:32.054Z"}
{"level":"info","message":{"buildingId":"99ad768e-4dce-4992-885d-9c1b4ba3bd09","correlationId":"f299d0f1-e4bc-4f94-a773-00270a502beb","event":"NOTIFICATION_SUCCEEDED","notificationAttempt":1,"settlementName":"ירושלים"},"timestamp":"2026-07-20T19:04:32.059Z"}
{"level":"info","message":{"buildingId":"99ad768e-4dce-4992-885d-9c1b4ba3bd09","correlationId":"f299d0f1-e4bc-4f94-a773-00270a502beb","event":"BUILDING_COMPLETED","settlementName":"ירושלים"},"timestamp":"2026-07-20T19:04:32.085Z"}
{"level":"info","message":{"correlationId":"f299d0f1-e4bc-4f94-a773-00270a502beb","event":"PROCESS_COMPLETED","generatedCount":1,"settlementName":"ירושלים"},"timestamp":"2026-07-20T19:04:32.085Z"}
{"level":"info","message":{"buildingId":"8e520d5b-d8b5-401c-bf35-b965e05b3256","correlationId":"9b631a7e-3c76-4ae4-8c86-c39303f01039","event":"PDF_COMPLETED","settlementName":"צפת"},"timestamp":"2026-07-20T19:04:33.305Z"}
{"level":"info","message":{"buildingId":"8e520d5b-d8b5-401c-bf35-b965e05b3256","correlationId":"9b631a7e-3c76-4ae4-8c86-c39303f01039","event":"NOTIFICATION_ATTEMPT_STARTED","notificationAttempt":1,"settlementName":"צפת"},"timestamp":"2026-07-20T19:04:33.316Z"}
{"level":"info","message":{"buildingId":"8e520d5b-d8b5-401c-bf35-b965e05b3256","correlationId":"9b631a7e-3c76-4ae4-8c86-c39303f01039","event":"NOTIFICATION_SUCCEEDED","notificationAttempt":1,"settlementName":"צפת"},"timestamp":"2026-07-20T19:04:33.320Z"}
{"level":"info","message":{"buildingId":"8e520d5b-d8b5-401c-bf35-b965e05b3256","correlationId":"9b631a7e-3c76-4ae4-8c86-c39303f01039","event":"BUILDING_COMPLETED","settlementName":"צפת"},"timestamp":"2026-07-20T19:04:33.331Z"}
{"level":"info","message":{"correlationId":"9b631a7e-3c76-4ae4-8c86-c39303f01039","event":"PROCESS_COMPLETED","generatedCount":1,"settlementName":"צפת"},"timestamp":"2026-07-20T19:04:33.331Z"}
{"level":"info","message":{"correlationId":"c62973f1-b20e-46e2-a52f-689dda1c8bc7","event":"PROCESS_STARTED","settlementName":"ירושלים"},"timestamp":"2026-07-20T19:04:45.449Z"}
{"level":"info","message":{"correlationId":"c62973f1-b20e-46e2-a52f-689dda1c8bc7","eligibleCount":1,"event":"ELIGIBLE_BUILDINGS_FOUND","settlementName":"ירושלים"},"timestamp":"2026-07-20T19:04:45.449Z"}
{"level":"info","message":{"buildingId":"d54e3247-4dcd-4e33-8530-18820fdcaf9a","correlationId":"c62973f1-b20e-46e2-a52f-689dda1c8bc7","event":"BUILDING_STARTED","settlementName":"ירושלים"},"timestamp":"2026-07-20T19:04:45.449Z"}
{"level":"info","message":{"buildingId":"d54e3247-4dcd-4e33-8530-18820fdcaf9a","correlationId":"c62973f1-b20e-46e2-a52f-689dda1c8bc7","event":"PDF_STARTED","settlementName":"ירושלים"},"timestamp":"2026-07-20T19:04:45.449Z"}
{"level":"info","message":{"buildingId":"d54e3247-4dcd-4e33-8530-18820fdcaf9a","correlationId":"c62973f1-b20e-46e2-a52f-689dda1c8bc7","event":"PDF_COMPLETED","settlementName":"ירושלים"},"timestamp":"2026-07-20T19:04:46.740Z"}
{"level":"info","message":{"buildingId":"d54e3247-4dcd-4e33-8530-18820fdcaf9a","correlationId":"c62973f1-b20e-46e2-a52f-689dda1c8bc7","event":"NOTIFICATION_ATTEMPT_STARTED","notificationAttempt":1,"settlementName":"ירושלים"},"timestamp":"2026-07-20T19:04:46.750Z"}
{"level":"info","message":{"buildingId":"d54e3247-4dcd-4e33-8530-18820fdcaf9a","correlationId":"c62973f1-b20e-46e2-a52f-689dda1c8bc7","event":"NOTIFICATION_SUCCEEDED","notificationAttempt":1,"settlementName":"ירושלים"},"timestamp":"2026-07-20T19:04:46.752Z"}
{"level":"info","message":{"buildingId":"d54e3247-4dcd-4e33-8530-18820fdcaf9a","correlationId":"c62973f1-b20e-46e2-a52f-689dda1c8bc7","event":"BUILDING_COMPLETED","settlementName":"ירושלים"},"timestamp":"2026-07-20T19:04:46.764Z"}
{"level":"info","message":{"correlationId":"c62973f1-b20e-46e2-a52f-689dda1c8bc7","event":"PROCESS_COMPLETED","generatedCount":1,"settlementName":"ירושלים"},"timestamp":"2026-07-20T19:04:46.765Z"}
